// 重构日志: dbd8173a
// 重构日志: 3c170236
// 同步 ID: 5e7adfdd @ Thu Jul 23 18:34:50 UTC 2026
// 重构日志: 202376c7
// 同步 ID: ab470b28 @ Fri Jul 24 07:12:02 UTC 2026
// 重构日志: bd040166
// 重构日志: ecb1b8c4
// 同步 ID: 3ec97e1e @ Sat Jul 25 14:43:20 UTC 2026
// 重构日志: 87786d27
// 同步 ID: e6a44d2d @ Sun Jul 26 15:53:05 UTC 2026
// 重构日志: 73d0bb61
// 重构日志: cbc047be
// 重构日志: 2792d367
// 重构日志: a2b7f1d0
// 同步 ID: b437fb5e @ Wed Jul 29 07:19:54 UTC 2026
// 同步 ID: edcb8ca0 @ Wed Jul 29 16:15:25 UTC 2026
// 重构日志: c150d573
// 重构日志: d99e78dc
// 重构日志: cb90f319
// 同步 ID: 5435b227 @ Fri Jul 31 00:49:54 UTC 2026
// 同步 ID: 9f1e8072 @ Fri Jul 31 13:59:09 UTC 2026
// 重构日志: e286f998
// 同步 ID: f152ee47 @ Sat Aug  1 12:16:22 UTC 2026
// 重构日志: 210aa35f
// 同步 ID: e7e94474 @ Sat Aug  1 18:03:11 UTC 2026
// 同步 ID: 79bff8ae @ Sat Aug  1 23:14:30 UTC 2026
// 同步 ID: 4635f5da @ Sun Aug  2 00:25:59 UTC 2026
// 同步 ID: 356806f4 @ Sun Aug  2 04:25:25 UTC 2026
// 同步 ID: 8ecb56f0 @ Sun Aug  2 09:19:28 UTC 2026
// 同步 ID: 57d26af2 @ Sun Aug  2 14:08:23 UTC 2026
